// Jest Snapshot v1, https://goo.gl/fbAQLP

exports[`inject highlight wrappers in chrome for highlight ending on an <img> 1`] = `"<span data-for-screenreaders=\\"true\\" data-highlight-id=\\"some-highlight\\" aria-label=\\"undefined\\" tabindex=\\"0\\"></span>sells 16-ft ladders and 24-ft ladders. A window is located 12 feet above the ground. A ladder needs to be purchased that will reach the window from a point on the ground 5 feet from the building."`;

exports[`inject highlight wrappers in chrome for highlight ending on an <img> 2`] = `"<img id=\\"test-img\\" src=\\"/apps/archive/20210713.205645/resources/b1b5ba97150addc831c534413ca324a72c4e374b\\" data-media-type=\\"image/jpg\\" alt=\\"A right triangle with a base of 5 feet, a height of 12 feet, and a hypotenuse labeled c\\"><span data-for-screenreaders=\\"true\\" data-highlight-id=\\"some-highlight\\" aria-label=\\"undefined\\"></span>"`;

exports[`inject highlight wrappers in firefox for highlight ending on an <img> 1`] = `"<span data-for-screenreaders=\\"true\\" data-highlight-id=\\"some-highlight\\" aria-label=\\"undefined\\" tabindex=\\"0\\"></span>sells 16-ft ladders and 24-ft ladders. A window is located 12 feet above the ground. A ladder needs to be purchased that will reach the window from a point on the ground 5 feet from the building."`;

exports[`inject highlight wrappers in firefox for highlight ending on an <img> 2`] = `"<img id=\\"test-img\\" src=\\"/apps/archive/20210713.205645/resources/b1b5ba97150addc831c534413ca324a72c4e374b\\" data-media-type=\\"image/jpg\\" alt=\\"A right triangle with a base of 5 feet, a height of 12 feet, and a hypotenuse labeled c\\"><span data-for-screenreaders=\\"true\\" data-highlight-id=\\"some-highlight\\" aria-label=\\"undefined\\"></span>"`;
